Pi 1.0.2 Node v22.23.3

added 2 packages, and audited 3 packages in 1s

found 0 vulnerabilities
npm notice
npm notice New major version of npm available! 10.9.9 -> 12.2.0
npm notice Changelog: https://github.com/npm/cli/releases/tag/v12.2.0
npm notice To update run: npm install -g npm@12.2.0
npm notice

added 1 package, and audited 4 packages in 653ms

found 0 vulnerabilities
original manifests [{"name":"@narumitw/pi-goal","version":"0.4.2","dependencies":{"typebox":"^1.1.37"}},{"name":"@trevonistrevon/pi-loop","version":"0.5.5","dependencies":{"typebox":"^1.1.34"},"peerDependencies":{"@earendil-works/pi-coding-agent":"^0.75.5","@earendil-works/pi-tui":"^0.75.5"}}]
original errors [] warnings [{"path":"<worktree>/.agro/tasks/pi-extension-issues/evidence/runtime-OliQCn/reconcile/npm/node_modules/@narumitw/pi-goal/package.json","warning":"Host-provided extension packages must be declared in peerDependencies with a \"*\" range, not dependencies: typebox. Installed copies can bypass the extension loader and create duplicate runtime modules."},{"path":"<worktree>/.agro/tasks/pi-extension-issues/evidence/runtime-OliQCn/reconcile/npm/node_modules/@trevonistrevon/pi-loop/package.json","warning":"Host-provided extension packages must be declared in peerDependencies with a \"*\" range, not dependencies: typebox. Installed copies can bypass the extension loader and create duplicate runtime modules."}]
original registered [{"tools":["goal_complete"],"commands":["goal"]},{"tools":["LoopCreate","LoopList","LoopDelete","MonitorCreate","MonitorList","MonitorStop"],"commands":["loop"]}]

added 4 packages, and audited 5 packages in 1s

found 0 vulnerabilities

added 1 package, and audited 6 packages in 353ms

found 0 vulnerabilities
clean manifests [{"name":"@narumitw/pi-goal","version":"0.54.8","dependencies":{"@narumitw/pi-tui-kit":"^0.59.0"},"peerDependencies":{"@earendil-works/pi-ai":"*","@earendil-works/pi-coding-agent":"*","@earendil-works/pi-tui":"*","typebox":"*"}},{"name":"@trevonistrevon/pi-loop","version":"0.7.15","peerDependencies":{"@earendil-works/pi-coding-agent":"*","@earendil-works/pi-tui":"*","typebox":"*"}}]
clean tui-kit {"version":"0.59.0","dependencies":{"grok-mermaid":"0.2.3","highlight.js":"11.12.0"},"peerDependencies":{"@earendil-works/pi-coding-agent":"*","@earendil-works/pi-tui":"*"}}
clean errors [] warnings []
clean registered [{"tools":["goal_complete","goal_blocked","goal_wait"],"commands":["goal"]},{"tools":["LoopCreate","LoopList","LoopUpdate","LoopDelete","OrchestrationCreate","OrchestrationGet","WorkflowCreate","WorkflowClaim","WorkflowRevise","WorkflowTransition","MonitorCreate","MonitorList","MonitorUpdate","MonitorStop"],"commands":["loop"]}]
pi update --extensions --no-approve EXIT=0 Updated packages

added 3 packages, changed 1 package, and audited 7 packages in 703ms

found 0 vulnerabilities

removed 1 package, changed 1 package, and audited 6 packages in 360ms

found 0 vulnerabilities
reconciled manifests [{"name":"@narumitw/pi-goal","version":"0.54.8","dependencies":{"@narumitw/pi-tui-kit":"^0.59.0"},"peerDependencies":{"@earendil-works/pi-ai":"*","@earendil-works/pi-coding-agent":"*","@earendil-works/pi-tui":"*","typebox":"*"}},{"name":"@trevonistrevon/pi-loop","version":"0.7.15","peerDependencies":{"@earendil-works/pi-coding-agent":"*","@earendil-works/pi-tui":"*","typebox":"*"}}]
reconciled tui-kit {"version":"0.59.0","dependencies":{"grok-mermaid":"0.2.3","highlight.js":"11.12.0"},"peerDependencies":{"@earendil-works/pi-coding-agent":"*","@earendil-works/pi-tui":"*"}}
reconciled errors [] warnings []
reconciled registered [{"tools":["goal_complete","goal_blocked","goal_wait"],"commands":["goal"]},{"tools":["LoopCreate","LoopList","LoopUpdate","LoopDelete","OrchestrationCreate","OrchestrationGet","WorkflowCreate","WorkflowClaim","WorkflowRevise","WorkflowTransition","MonitorCreate","MonitorList","MonitorUpdate","MonitorStop"],"commands":["loop"]}]
goal started [{"goal":{"id":"c814fc96-5ab4-4bb2-98a9-e751ad23a6b5","text":"Verify disposable runtime","status":"active","startedAt":1791135802702,"updatedAt":1791135802702,"iteration":0,"tokensUsed":0,"timeUsedSeconds":0,"baselineTokens":0,"activeStartedAt":1791135802702,"automaticModelTurns":0,"toolFreeRepeatCount":0}}]
goal paused [{"goal":{"id":"c814fc96-5ab4-4bb2-98a9-e751ad23a6b5","text":"Verify disposable runtime","status":"paused","startedAt":1791135802702,"updatedAt":1791135802703,"iteration":0,"tokensUsed":0,"timeUsedSeconds":0.001,"baselineTokens":0,"automaticModelTurns":0,"toolFreeRepeatCount":0}}]
goal cleared [{"goal":null}]
monitor create {"content":[{"type":"text","text":"Monitor #1 started: printf 'pi-compat-ok\\n'\nProgress: MonitorList shows the live output tail; monitor:output is rate-limited (monitorId: 1)\nInactivity timeout: 2s\nFailure alert loop #1: wakes the agent only if the monitor fails or times out"}],"details":{"kind":"monitor","action":"create","tone":"success","summary":"Monitor #1 running · printf 'pi-compat-ok\\n'","expanded":["Command: printf 'pi-compat-ok\\n'","Inactivity timeout: 2s","Failure alert: enabled"],"expandable":true}}
monitor done {"monitorId":"1","exitCode":0,"outputLines":1}
monitor list {"content":[{"type":"text","text":"ok #1 [completed] printf 'pi-compat-ok\\n' — 1 lines (0s) exit=0\n  | pi-compat-ok"}],"details":{"kind":"monitor","action":"list","tone":"info","summary":"1 monitor · 0 running","expanded":["ok #1 [completed] printf 'pi-compat-ok\\n' — 1 lines (0s) exit=0","  | pi-compat-ok"],"expandable":true}}
PASS installation, reconciliation, loader and bounded capabilities
Disposable state removed

EXIT=0
